[debug] [2026-01-16T17:51:49.607Z] ----------------------------------------------------------------------
[debug] [2026-01-16T17:51:49.612Z] Command:       C:\Program Files\nodejs\node.exe C:\Users\nygor\AppData\Roaming\npm\node_modules\firebase-tools\lib\bin\firebase.js deploy
[debug] [2026-01-16T17:51:49.613Z] CLI Version:   14.24.1
[debug] [2026-01-16T17:51:49.613Z] Platform:      win32
[debug] [2026-01-16T17:51:49.613Z] Node Version:  v24.12.0
[debug] [2026-01-16T17:51:49.613Z] Time:          Fri Jan 16 2026 23:21:49 GMT+0530 (India Standard Time)
[debug] [2026-01-16T17:51:49.613Z] ----------------------------------------------------------------------
[debug] 
[debug] [2026-01-16T17:51:49.943Z] > command requires scopes: ["email","openid","https://www.googleapis.com/auth/cloudplatformprojects.readonly","https://www.googleapis.com/auth/firebase","https://www.googleapis.com/auth/cloud-platform"]
[debug] [2026-01-16T17:51:49.944Z] > authorizing via signed-in user (nygorde@gmail.com)
[debug] [2026-01-16T17:51:49.944Z] [iam] checking project krishi-baazar for permissions ["datastore.indexes.create","datastore.indexes.delete","datastore.indexes.list","datastore.indexes.update","firebase.projects.get","firebasehosting.sites.update",null]
[debug] [2026-01-16T17:51:49.946Z] Checked if tokens are valid: true, expires at: 1768588565946
[debug] [2026-01-16T17:51:49.946Z] Checked if tokens are valid: true, expires at: 1768588565946
[debug] [2026-01-16T17:51:49.947Z] >>> [apiv2][query] POST https://cloudresourcemanager.googleapis.com/v1/projects/krishi-baazar:testIamPermissions [none]
[debug] [2026-01-16T17:51:49.947Z] >>> [apiv2][(partial)header] POST https://cloudresourcemanager.googleapis.com/v1/projects/krishi-baazar:testIamPermissions x-goog-quota-user=projects/krishi-baazar
[debug] [2026-01-16T17:51:49.947Z] >>> [apiv2][body] POST https://cloudresourcemanager.googleapis.com/v1/projects/krishi-baazar:testIamPermissions {"permissions":["datastore.indexes.create","datastore.indexes.delete","datastore.indexes.list","datastore.indexes.update","firebase.projects.get","firebasehosting.sites.update",null]}
[debug] [2026-01-16T17:51:50.492Z] <<< [apiv2][status] POST https://cloudresourcemanager.googleapis.com/v1/projects/krishi-baazar:testIamPermissions 200
[debug] [2026-01-16T17:51:50.493Z] <<< [apiv2][body] POST https://cloudresourcemanager.googleapis.com/v1/projects/krishi-baazar:testIamPermissions {"permissions":["datastore.indexes.create","datastore.indexes.delete","datastore.indexes.list","datastore.indexes.update","firebase.projects.get","firebasehosting.sites.update"]}
[debug] [2026-01-16T17:51:50.493Z] [iam] error while checking permissions, command may fail: Authorization failed. This account is missing the following required permissions on project krishi-baazar:

  
[debug] [2026-01-16T17:51:50.494Z] Checked if tokens are valid: true, expires at: 1768588565946
[debug] [2026-01-16T17:51:50.494Z] Checked if tokens are valid: true, expires at: 1768588565946
[debug] [2026-01-16T17:51:50.494Z] >>> [apiv2][query] GET https://firebase.googleapis.com/v1beta1/projects/krishi-baazar [none]
[debug] [2026-01-16T17:51:51.321Z] <<< [apiv2][status] GET https://firebase.googleapis.com/v1beta1/projects/krishi-baazar 200
[debug] [2026-01-16T17:51:51.321Z] <<< [apiv2][body] GET https://firebase.googleapis.com/v1beta1/projects/krishi-baazar {"projectId":"krishi-baazar","projectNumber":"680511793989","displayName":"krishi baazar","name":"projects/krishi-baazar","resources":{"hostingSite":"krishi-baazar","realtimeDatabaseInstance":"krishi-baazar-default-rtdb"},"state":"ACTIVE","etag":"1_c3dde7c0-09ab-4a56-baa5-14b29e360e21"}
[info] 
[info] === Deploying to 'krishi-baazar'...
[info] 
[info] i  deploying firestore, hosting, apphosting 
[info] i  firestore: ensuring required API firestore.googleapis.com is enabled... 
[info] i  firestore: ensuring required API firestore.googleapis.com is enabled... 
[debug] [2026-01-16T17:51:51.338Z] Checked if tokens are valid: true, expires at: 1768588565946
[debug] [2026-01-16T17:51:51.338Z] Checked if tokens are valid: true, expires at: 1768588565946
[debug] [2026-01-16T17:51:51.339Z] >>> [apiv2][query] GET https://firestore.googleapis.com/v1/projects/krishi-baazar/databases/(default) [none]
[debug] [2026-01-16T17:51:51.686Z] <<< [apiv2][status] GET https://firestore.googleapis.com/v1/projects/krishi-baazar/databases/(default) 200
[debug] [2026-01-16T17:51:51.686Z] <<< [apiv2][body] GET https://firestore.googleapis.com/v1/projects/krishi-baazar/databases/(default) {"name":"projects/krishi-baazar/databases/(default)","uid":"78c42fb0-d889-4822-a330-fd639ce6ff6b","createTime":"2025-10-09T14:26:27.444534Z","updateTime":"2025-10-09T14:26:27.444534Z","locationId":"asia-south1","type":"FIRESTORE_NATIVE","concurrencyMode":"PESSIMISTIC","versionRetentionPeriod":"3600s","earliestVersionTime":"2026-01-16T16:51:52.271138Z","appEngineIntegrationMode":"DISABLED","keyPrefix":"j","pointInTimeRecoveryEnablement":"POINT_IN_TIME_RECOVERY_DISABLED","deleteProtectionState":"DELETE_PROTECTION_DISABLED","databaseEdition":"STANDARD","freeTier":true,"realtimeUpdatesMode":"REALTIME_UPDATES_MODE_ENABLED","etag":"IOH9uPjPkJIDMJeyptTNl5AD"}
[info] i  firestore: reading indexes from firestore.indexes.json... 
[info] i  cloud.firestore: checking firestore.rules for compilation errors... 
[debug] [2026-01-16T17:51:51.690Z] Checked if tokens are valid: true, expires at: 1768588565946
[debug] [2026-01-16T17:51:51.691Z] Checked if tokens are valid: true, expires at: 1768588565946
[debug] [2026-01-16T17:51:51.691Z] >>> [apiv2][query] POST https://firebaserules.googleapis.com/v1/projects/krishi-baazar:test [none]
[debug] [2026-01-16T17:51:51.691Z] >>> [apiv2][body] POST https://firebaserules.googleapis.com/v1/projects/krishi-baazar:test [omitted]
[debug] [2026-01-16T17:51:53.166Z] <<< [apiv2][status] POST https://firebaserules.googleapis.com/v1/projects/krishi-baazar:test 200
[debug] [2026-01-16T17:51:53.167Z] <<< [apiv2][body] POST https://firebaserules.googleapis.com/v1/projects/krishi-baazar:test {}
[info] +  cloud.firestore: rules file firestore.rules compiled successfully 
[debug] [2026-01-16T17:51:53.174Z] Checked if tokens are valid: true, expires at: 1768588565946
[debug] [2026-01-16T17:51:53.174Z] Checked if tokens are valid: true, expires at: 1768588565946
[debug] [2026-01-16T17:51:53.174Z] >>> [apiv2][query] POST https://firebasehosting.googleapis.com/v1beta1/projects/-/sites/krishi-baazar/versions [none]
[debug] [2026-01-16T17:51:53.174Z] >>> [apiv2][body] POST https://firebasehosting.googleapis.com/v1beta1/projects/-/sites/krishi-baazar/versions {"status":"CREATED","labels":{"deployment-tool":"cli-firebase"}}
[debug] [2026-01-16T17:51:55.337Z] <<< [apiv2][status] POST https://firebasehosting.googleapis.com/v1beta1/projects/-/sites/krishi-baazar/versions 200
[debug] [2026-01-16T17:51:55.337Z] <<< [apiv2][body] POST https://firebasehosting.googleapis.com/v1beta1/projects/-/sites/krishi-baazar/versions {"name":"projects/680511793989/sites/krishi-baazar/versions/679e0e8977eabb0b","status":"CREATED","config":{},"labels":{"deployment-tool":"cli-firebase"}}
[debug] [2026-01-16T17:51:55.341Z] Checked if tokens are valid: true, expires at: 1768588565946
[debug] [2026-01-16T17:51:55.341Z] Checked if tokens are valid: true, expires at: 1768588565946
[debug] [2026-01-16T17:51:55.342Z] >>> [apiv2][query] POST https://iam.googleapis.com/v1/projects/krishi-baazar/serviceAccounts/firebase-app-hosting-compute@krishi-baazar.iam.gserviceaccount.com:testIamPermissions [none]
[debug] [2026-01-16T17:51:55.342Z] >>> [apiv2][(partial)header] POST https://iam.googleapis.com/v1/projects/krishi-baazar/serviceAccounts/firebase-app-hosting-compute@krishi-baazar.iam.gserviceaccount.com:testIamPermissions x-goog-quota-user=projects/krishi-baazar
[debug] [2026-01-16T17:51:55.342Z] >>> [apiv2][body] POST https://iam.googleapis.com/v1/projects/krishi-baazar/serviceAccounts/firebase-app-hosting-compute@krishi-baazar.iam.gserviceaccount.com:testIamPermissions {"permissions":["iam.serviceAccounts.actAs"]}
[debug] [2026-01-16T17:51:57.164Z] <<< [apiv2][status] POST https://iam.googleapis.com/v1/projects/krishi-baazar/serviceAccounts/firebase-app-hosting-compute@krishi-baazar.iam.gserviceaccount.com:testIamPermissions 200
[debug] [2026-01-16T17:51:57.164Z] <<< [apiv2][body] POST https://iam.googleapis.com/v1/projects/krishi-baazar/serviceAccounts/firebase-app-hosting-compute@krishi-baazar.iam.gserviceaccount.com:testIamPermissions {"permissions":["iam.serviceAccounts.actAs"]}
[debug] [2026-01-16T17:51:57.165Z] Checked if tokens are valid: true, expires at: 1768588565946
[debug] [2026-01-16T17:51:57.165Z] Checked if tokens are valid: true, expires at: 1768588565946
[debug] [2026-01-16T17:51:57.165Z] >>> [apiv2][query] POST https://iam.googleapis.com/v1/projects/krishi-baazar/serviceAccounts [none]
[debug] [2026-01-16T17:51:57.166Z] >>> [apiv2][body] POST https://iam.googleapis.com/v1/projects/krishi-baazar/serviceAccounts {"accountId":"firebase-app-hosting-compute","serviceAccount":{"displayName":"Firebase App Hosting compute service account","description":"Default service account used to run builds and deploys for Firebase App Hosting"}}
[debug] [2026-01-16T17:51:58.802Z] <<< [apiv2][status] POST https://iam.googleapis.com/v1/projects/krishi-baazar/serviceAccounts 409
[debug] [2026-01-16T17:51:58.802Z] <<< [apiv2][body] POST https://iam.googleapis.com/v1/projects/krishi-baazar/serviceAccounts [omitted]
[debug] [2026-01-16T17:51:58.803Z] Checked if tokens are valid: true, expires at: 1768588565946
[debug] [2026-01-16T17:51:58.803Z] Checked if tokens are valid: true, expires at: 1768588565946
[debug] [2026-01-16T17:51:58.804Z] >>> [apiv2][query] POST https://cloudresourcemanager.googleapis.com/v1/projects/krishi-baazar:getIamPolicy [none]
[debug] [2026-01-16T17:52:00.238Z] <<< [apiv2][status] POST https://cloudresourcemanager.googleapis.com/v1/projects/krishi-baazar:getIamPolicy 200
[debug] [2026-01-16T17:52:00.238Z] <<< [apiv2][body] POST https://cloudresourcemanager.googleapis.com/v1/projects/krishi-baazar:getIamPolicy {"version":1,"etag":"BwZIhO0eLkQ=","bindings":[{"role":"roles/artifactregistry.serviceAgent","members":["serviceAccount:service-680511793989@gcp-sa-artifactregistry.iam.gserviceaccount.com"]},{"role":"roles/cloudaicompanion.serviceAgent","members":["serviceAccount:service-680511793989@gcp-sa-cloudaicompanion.iam.gserviceaccount.com"]},{"role":"roles/cloudbuild.builds.builder","members":["serviceAccount:680511793989@cloudbuild.gserviceaccount.com"]},{"role":"roles/cloudbuild.serviceAgent","members":["serviceAccount:service-680511793989@gcp-sa-cloudbuild.iam.gserviceaccount.com"]},{"role":"roles/compute.serviceAgent","members":["serviceAccount:service-680511793989@compute-system.iam.gserviceaccount.com"]},{"role":"roles/containerregistry.ServiceAgent","members":["serviceAccount:service-680511793989@containerregistry.iam.gserviceaccount.com"]},{"role":"roles/developerconnect.readTokenAccessor","members":["serviceAccount:firebase-app-hosting-compute@krishi-baazar.iam.gserviceaccount.com"]},{"role":"roles/developerconnect.serviceAgent","members":["serviceAccount:service-680511793989@gcp-sa-devconnect.iam.gserviceaccount.com"]},{"role":"roles/editor","members":["serviceAccount:680511793989-compute@developer.gserviceaccount.com","serviceAccount:680511793989@cloudservices.gserviceaccount.com"]},{"role":"roles/firebase.analyticsAdmin","members":["serviceAccount:firebase-adminsdk-fbsvc@krishi-baazar.iam.gserviceaccount.com"]},{"role":"roles/firebase.managementServiceAgent","members":["serviceAccount:service-680511793989@gcp-sa-firebase.iam.gserviceaccount.com"]},{"role":"roles/firebase.sdkAdminServiceAgent","members":["serviceAccount:firebase-adminsdk-fbsvc@krishi-baazar.iam.gserviceaccount.com","serviceAccount:firebase-app-hosting-compute@krishi-baazar.iam.gserviceaccount.com"]},{"role":"roles/firebaseabt.admin","members":["serviceAccount:firebase-adminsdk-fbsvc@krishi-baazar.iam.gserviceaccount.com"]},{"role":"roles/firebaseappcheck.admin","members":["serviceAccount:firebase-adminsdk-fbsvc@krishi-baazar.iam.gserviceaccount.com"]},{"role":"roles/firebaseapphosting.computeRunner","members":["serviceAccount:firebase-app-hosting-compute@krishi-baazar.iam.gserviceaccount.com"]},{"role":"roles/firebaseapphosting.serviceAgent","members":["serviceAccount:service-680511793989@gcp-sa-firebaseapphosting.iam.gserviceaccount.com"]},{"role":"roles/firebaseauth.admin","members":["serviceAccount:firebase-adminsdk-fbsvc@krishi-baazar.iam.gserviceaccount.com"]},{"role":"roles/firebasedatabase.admin","members":["serviceAccount:firebase-adminsdk-fbsvc@krishi-baazar.iam.gserviceaccount.com"]},{"role":"roles/firebasemods.serviceAgent","members":["serviceAccount:service-680511793989@gcp-sa-firebasemods.iam.gserviceaccount.com"]},{"role":"roles/firebaserules.system","members":["serviceAccount:service-680511793989@firebase-rules.iam.gserviceaccount.com"]},{"role":"roles/firestore.serviceAgent","members":["serviceAccount:service-680511793989@gcp-sa-firestore.iam.gserviceaccount.com"]},{"role":"roles/iam.serviceAccountTokenCreator","members":["serviceAccount:firebase-adminsdk-fbsvc@krishi-baazar.iam.gserviceaccount.com"]},{"role":"roles/owner","members":["user:nygorde@gmail.com"]},{"role":"roles/run.serviceAgent","members":["serviceAccount:service-680511793989@serverless-robot-prod.iam.gserviceaccount.com"]},{"role":"roles/secretmanager.admin_withcond_2e9be9323aac4ee7526d","members":["serviceAccount:service-680511793989@gcp-sa-devconnect.iam.gserviceaccount.com"]},{"role":"roles/storage.objectViewer","members":["serviceAccount:firebase-app-hosting-compute@krishi-baazar.iam.gserviceaccount.com"]}]}
[debug] [2026-01-16T17:52:00.240Z] Checked if tokens are valid: true, expires at: 1768588565946
[debug] [2026-01-16T17:52:00.240Z] Checked if tokens are valid: true, expires at: 1768588565946
[debug] [2026-01-16T17:52:00.240Z] >>> [apiv2][query] POST https://cloudresourcemanager.googleapis.com/v1/projects/krishi-baazar:setIamPolicy [none]
[debug] [2026-01-16T17:52:00.240Z] >>> [apiv2][body] POST https://cloudresourcemanager.googleapis.com/v1/projects/krishi-baazar:setIamPolicy {"policy":{"version":1,"etag":"BwZIhO0eLkQ=","bindings":[{"role":"roles/artifactregistry.serviceAgent","members":["serviceAccount:service-680511793989@gcp-sa-artifactregistry.iam.gserviceaccount.com"]},{"role":"roles/cloudaicompanion.serviceAgent","members":["serviceAccount:service-680511793989@gcp-sa-cloudaicompanion.iam.gserviceaccount.com"]},{"role":"roles/cloudbuild.builds.builder","members":["serviceAccount:680511793989@cloudbuild.gserviceaccount.com"]},{"role":"roles/cloudbuild.serviceAgent","members":["serviceAccount:service-680511793989@gcp-sa-cloudbuild.iam.gserviceaccount.com"]},{"role":"roles/compute.serviceAgent","members":["serviceAccount:service-680511793989@compute-system.iam.gserviceaccount.com"]},{"role":"roles/containerregistry.ServiceAgent","members":["serviceAccount:service-680511793989@containerregistry.iam.gserviceaccount.com"]},{"role":"roles/developerconnect.readTokenAccessor","members":["serviceAccount:firebase-app-hosting-compute@krishi-baazar.iam.gserviceaccount.com"]},{"role":"roles/developerconnect.serviceAgent","members":["serviceAccount:service-680511793989@gcp-sa-devconnect.iam.gserviceaccount.com"]},{"role":"roles/editor","members":["serviceAccount:680511793989-compute@developer.gserviceaccount.com","serviceAccount:680511793989@cloudservices.gserviceaccount.com"]},{"role":"roles/firebase.analyticsAdmin","members":["serviceAccount:firebase-adminsdk-fbsvc@krishi-baazar.iam.gserviceaccount.com"]},{"role":"roles/firebase.managementServiceAgent","members":["serviceAccount:service-680511793989@gcp-sa-firebase.iam.gserviceaccount.com"]},{"role":"roles/firebase.sdkAdminServiceAgent","members":["serviceAccount:firebase-adminsdk-fbsvc@krishi-baazar.iam.gserviceaccount.com","serviceAccount:firebase-app-hosting-compute@krishi-baazar.iam.gserviceaccount.com"]},{"role":"roles/firebaseabt.admin","members":["serviceAccount:firebase-adminsdk-fbsvc@krishi-baazar.iam.gserviceaccount.com"]},{"role":"roles/firebaseappcheck.admin","members":["serviceAccount:firebase-adminsdk-fbsvc@krishi-baazar.iam.gserviceaccount.com"]},{"role":"roles/firebaseapphosting.computeRunner","members":["serviceAccount:firebase-app-hosting-compute@krishi-baazar.iam.gserviceaccount.com"]},{"role":"roles/firebaseapphosting.serviceAgent","members":["serviceAccount:service-680511793989@gcp-sa-firebaseapphosting.iam.gserviceaccount.com"]},{"role":"roles/firebaseauth.admin","members":["serviceAccount:firebase-adminsdk-fbsvc@krishi-baazar.iam.gserviceaccount.com"]},{"role":"roles/firebasedatabase.admin","members":["serviceAccount:firebase-adminsdk-fbsvc@krishi-baazar.iam.gserviceaccount.com"]},{"role":"roles/firebasemods.serviceAgent","members":["serviceAccount:service-680511793989@gcp-sa-firebasemods.iam.gserviceaccount.com"]},{"role":"roles/firebaserules.system","members":["serviceAccount:service-680511793989@firebase-rules.iam.gserviceaccount.com"]},{"role":"roles/firestore.serviceAgent","members":["serviceAccount:service-680511793989@gcp-sa-firestore.iam.gserviceaccount.com"]},{"role":"roles/iam.serviceAccountTokenCreator","members":["serviceAccount:firebase-adminsdk-fbsvc@krishi-baazar.iam.gserviceaccount.com"]},{"role":"roles/owner","members":["user:nygorde@gmail.com"]},{"role":"roles/run.serviceAgent","members":["serviceAccount:service-680511793989@serverless-robot-prod.iam.gserviceaccount.com"]},{"role":"roles/secretmanager.admin_withcond_2e9be9323aac4ee7526d","members":["serviceAccount:service-680511793989@gcp-sa-devconnect.iam.gserviceaccount.com"]},{"role":"roles/storage.objectViewer","members":["serviceAccount:firebase-app-hosting-compute@krishi-baazar.iam.gserviceaccount.com"]}]},"updateMask":"bindings"}
[debug] [2026-01-16T17:52:01.309Z] <<< [apiv2][status] POST https://cloudresourcemanager.googleapis.com/v1/projects/krishi-baazar:setIamPolicy 200
[debug] [2026-01-16T17:52:01.309Z] <<< [apiv2][body] POST https://cloudresourcemanager.googleapis.com/v1/projects/krishi-baazar:setIamPolicy {"version":1,"etag":"BwZIhP+f9kU=","bindings":[{"role":"roles/artifactregistry.serviceAgent","members":["serviceAccount:service-680511793989@gcp-sa-artifactregistry.iam.gserviceaccount.com"]},{"role":"roles/cloudaicompanion.serviceAgent","members":["serviceAccount:service-680511793989@gcp-sa-cloudaicompanion.iam.gserviceaccount.com"]},{"role":"roles/cloudbuild.builds.builder","members":["serviceAccount:680511793989@cloudbuild.gserviceaccount.com"]},{"role":"roles/cloudbuild.serviceAgent","members":["serviceAccount:service-680511793989@gcp-sa-cloudbuild.iam.gserviceaccount.com"]},{"role":"roles/compute.serviceAgent","members":["serviceAccount:service-680511793989@compute-system.iam.gserviceaccount.com"]},{"role":"roles/containerregistry.ServiceAgent","members":["serviceAccount:service-680511793989@containerregistry.iam.gserviceaccount.com"]},{"role":"roles/developerconnect.readTokenAccessor","members":["serviceAccount:firebase-app-hosting-compute@krishi-baazar.iam.gserviceaccount.com"]},{"role":"roles/developerconnect.serviceAgent","members":["serviceAccount:service-680511793989@gcp-sa-devconnect.iam.gserviceaccount.com"]},{"role":"roles/editor","members":["serviceAccount:680511793989-compute@developer.gserviceaccount.com","serviceAccount:680511793989@cloudservices.gserviceaccount.com"]},{"role":"roles/firebase.analyticsAdmin","members":["serviceAccount:firebase-adminsdk-fbsvc@krishi-baazar.iam.gserviceaccount.com"]},{"role":"roles/firebase.managementServiceAgent","members":["serviceAccount:service-680511793989@gcp-sa-firebase.iam.gserviceaccount.com"]},{"role":"roles/firebase.sdkAdminServiceAgent","members":["serviceAccount:firebase-adminsdk-fbsvc@krishi-baazar.iam.gserviceaccount.com","serviceAccount:firebase-app-hosting-compute@krishi-baazar.iam.gserviceaccount.com"]},{"role":"roles/firebaseabt.admin","members":["serviceAccount:firebase-adminsdk-fbsvc@krishi-baazar.iam.gserviceaccount.com"]},{"role":"roles/firebaseappcheck.admin","members":["serviceAccount:firebase-adminsdk-fbsvc@krishi-baazar.iam.gserviceaccount.com"]},{"role":"roles/firebaseapphosting.computeRunner","members":["serviceAccount:firebase-app-hosting-compute@krishi-baazar.iam.gserviceaccount.com"]},{"role":"roles/firebaseapphosting.serviceAgent","members":["serviceAccount:service-680511793989@gcp-sa-firebaseapphosting.iam.gserviceaccount.com"]},{"role":"roles/firebaseauth.admin","members":["serviceAccount:firebase-adminsdk-fbsvc@krishi-baazar.iam.gserviceaccount.com"]},{"role":"roles/firebasedatabase.admin","members":["serviceAccount:firebase-adminsdk-fbsvc@krishi-baazar.iam.gserviceaccount.com"]},{"role":"roles/firebasemods.serviceAgent","members":["serviceAccount:service-680511793989@gcp-sa-firebasemods.iam.gserviceaccount.com"]},{"role":"roles/firebaserules.system","members":["serviceAccount:service-680511793989@firebase-rules.iam.gserviceaccount.com"]},{"role":"roles/firestore.serviceAgent","members":["serviceAccount:service-680511793989@gcp-sa-firestore.iam.gserviceaccount.com"]},{"role":"roles/iam.serviceAccountTokenCreator","members":["serviceAccount:firebase-adminsdk-fbsvc@krishi-baazar.iam.gserviceaccount.com"]},{"role":"roles/owner","members":["user:nygorde@gmail.com"]},{"role":"roles/run.serviceAgent","members":["serviceAccount:service-680511793989@serverless-robot-prod.iam.gserviceaccount.com"]},{"role":"roles/secretmanager.admin_withcond_2e9be9323aac4ee7526d","members":["serviceAccount:service-680511793989@gcp-sa-devconnect.iam.gserviceaccount.com"]},{"role":"roles/storage.objectViewer","members":["serviceAccount:firebase-app-hosting-compute@krishi-baazar.iam.gserviceaccount.com"]}]}
[debug] [2026-01-16T17:52:01.310Z] Checked if tokens are valid: true, expires at: 1768588565946
[debug] [2026-01-16T17:52:01.310Z] Checked if tokens are valid: true, expires at: 1768588565946
[debug] [2026-01-16T17:52:01.310Z] >>> [apiv2][query] GET https://firebaseapphosting.googleapis.com/v1beta/projects/krishi-baazar/locations/-/backends 
